-- Basic function tests
SELECT rag_bge_small_en_v15.chunks_by_token_count('the cat sat on the mat', 3, 2);
                 chunks_by_token_count                  
--------------------------------------------------------
 {"the cat sat","cat sat on","sat on the","on the mat"}
(1 row)

