-- Reranking function tests
SELECT rag_jina_reranker_v1_tiny_en.rerank_distance('the cat sat on the mat', 'the baboon played with the balloon');
 rerank_distance 
-----------------
       0.8989152
(1 row)

SELECT rag_jina_reranker_v1_tiny_en.rerank_distance('the cat sat on the mat', ARRAY['the baboon played with the balloon', 'the tanks fired at the buildings']);
    rerank_distance    
-----------------------
 {0.8989152,1.3018152}
(1 row)

SELECT rag_jina_reranker_v1_tiny_en.rerank_score('the cat sat on the mat', 'the baboon played with the balloon');
 rerank_score 
--------------
   -0.8989152
(1 row)

SELECT rag_jina_reranker_v1_tiny_en.rerank_score('the cat sat on the mat', ARRAY['the baboon played with the balloon', 'the tanks fired at the buildings']);
      rerank_score       
-------------------------
 {-0.8989152,-1.3018152}
(1 row)

